// Jest Snapshot v1, https://goo.gl/fbAQLP

exports[`the AlgoliaSearcher component with headingText matches the snapshot 1`] = `
<div
  className="howouh"
>
  <div
    className="fcQZRK"
    role="search"
  >
    <form
      onSubmit={[Function]}
    >
      <label
        className="rRfoh"
        htmlFor="kb-search-input"
      >
        Search the Yoast Knowledge Base for answers to your questions:
      </label>
      <input
        autoCapitalize="none"
        autoComplete="off"
        autoCorrect="off"
        className="flCpmb"
        defaultValue=""
        id="kb-search-input"
        name="search-input"
        onChange={[Function]}
        placeholder="Type here to search..."
        spellCheck="false"
        type="text"
      />
      <button
        aria-expanded={undefined}
        className="eaJwLd"
        onClick={undefined}
        type="submit"
      >
        <span>
          Search
        </span>
      </button>
    </form>
  </div>
</div>
`;
