// Jest Snapshot v1, https://goo.gl/fbAQLP

exports[`the ArticleContent component  matches the snapshot 1`] = `
<iframe
  className="kb-search-content-frame bJMMnJ"
  src="www.example.com/amp/?source=wpseo-kb-search"
  title="KB article"
/>
`;
