// Jest Snapshot v1, https://goo.gl/fbAQLP

exports[`the WordpressFeed matches the snapshot 1`] = `
<div
  className="wordpress-feed ibcGOz"
>
  <h3
    className="wordpress-feed__header gsDwhV"
  >
    Feed title
  </h3>
  <ul
    className="wordpress-feed__posts eOlSMw"
    role="list"
  >
    <li
      className="wordpress-feed__post fPvyNP"
    >
      <a
        className="wordpress-feed__post-link jhnAby"
        href="https://www.yoast.com/1"
        rel={null}
        target="_blank"
      >
        Wordpress SEO
        <span
          className="fcHEfD"
        >
          (Opens in a new browser tab)
        </span>
      </a>
      <p
        className="wordpress-feed__post-description"
      >
        Some arbitrary description any blog post could have
      </p>
    </li>
    <li
      className="wordpress-feed__post fPvyNP"
    >
      <a
        className="wordpress-feed__post-link jhnAby"
        href="https://www.yoast.com/2"
        rel={null}
        target="_blank"
      >
        Wordpress SEO
        <span
          className="fcHEfD"
        >
          (Opens in a new browser tab)
        </span>
      </a>
      <p
        className="wordpress-feed__post-description"
      >
        Some arbitrary description any blog post could have
      </p>
    </li>
  </ul>
</div>
`;
