// Jest Snapshot v1, https://goo.gl/fbAQLP

exports[`FacebookSiteName matches the snapshot by default 1`] = `
<div
  className="gVbnsK"
>
  sitename.com
</div>
`;
