// Jest Snapshot v1, https://goo.gl/fbAQLP

exports[`the Row component matches the snapshot 1`] = `
<li
  className="eDmnGD"
/>
`;

exports[`the RowResponsiveWrap component matches the snapshot 1`] = `
<li
  className="jtnKBe"
/>
`;
