// Jest Snapshot v1, https://goo.gl/fbAQLP

exports[`KeywordInput matches the snapshot by default 1`] = `
.hvOMrM.has-remove-keyword-button .c0 {
  padding-right: 40px;
}

.hvOMrM.has-remove-keyword-button .c1 {
  margin-left: -32px;
}

<div
  className="bGnZIS"
>
  <span
    className="bfheZK"
  >
    <label
      className="gvUDiN"
      htmlFor="test-id"
    >
      test label
    </label>
  </span>
  <div
    className="has-remove-keyword-button hvOMrM"
  >
    <input
      aria-label={null}
      autoComplete="off"
      className="c0 ksPOfH"
      id="test-id"
      onBlur={[Function]}
      onChange={[Function]}
      onFocus={[Function]}
      type="text"
      value=""
    />
    <button
      className="c1 bqZYiV"
      onClick={[Function]}
      type="button"
    >
      <svg
        aria-hidden={true}
        className="yoast-svg-icon yoast-svg-icon-times-circle hzaiWw eBiXoO"
        fill="#767676"
        focusable="false"
        role="img"
        size="18px"
        viewBox="0 0 20 20"
        xmlns="http://www.w3.org/2000/svg"
      >
        <path
          d="M10 2c4.42 0 8 3.58 8 8s-3.58 8-8 8-8-3.58-8-8 3.58-8 8-8zm5 11l-3-3 3-3-2-2-3 3-3-3-2 2 3 3-3 3 2 2 3-3 3 3z"
        />
      </svg>
    </button>
  </div>
</div>
`;
