// Jest Snapshot v1, https://goo.gl/fbAQLP

exports[`the YoastLinkButton matches the snapshot 1`] = `
<a
  className="foxUGU"
>
  YoastLinkButtonValue
</a>
`;
